mode: count
source/scripts/project/app.js:44.31,47.2 2 0
source/scripts/project/app.js:49.71,54.16 4 7
source/scripts/project/app.js:59.2,61.34 2 7
source/scripts/project/app.js:73.2,74.23 2 7
source/scripts/project/app.js:78.2,78.21 1 7
source/scripts/project/app.js:83.2,83.35 1 6
source/scripts/project/app.js:87.2,87.9 1 5
source/scripts/project/app.js:54.16,57.3 2 0
source/scripts/project/app.js:61.34,63.12 2 10
source/scripts/project/app.js:63.12,69.9 5 3
source/scripts/project/app.js:74.23,76.3 1 3
source/scripts/project/app.js:78.21,81.3 2 1
source/scripts/project/app.js:83.35,85.3 1 1
source/scripts/project/app.js:90.59,97.2 5 6
source/scripts/project/app.js:99.58,101.12 2 1
source/scripts/project/app.js:106.2,106.75 1 1
source/scripts/project/app.js:101.12,103.3 1 0
source/scripts/project/app.js:103.3,105.3 1 1
source/scripts/project/app.js:109.59,112.45 2 0
source/scripts/project/app.js:116.2,116.30 1 0
source/scripts/project/app.js:112.45,115.3 2 0
source/scripts/project/app.js:119.65,120.23 1 0
source/scripts/project/app.js:124.2,128.45 2 0
source/scripts/project/app.js:133.2,137.16 4 0
source/scripts/project/app.js:141.2,142.119 2 0
source/scripts/project/app.js:120.23,122.3 1 0
source/scripts/project/app.js:128.45,131.3 2 0
source/scripts/project/app.js:137.16,139.3 1 0
source/scripts/project/app.js:145.59,146.24 1 5
source/scripts/project/app.js:151.2,151.33 1 5
source/scripts/project/app.js:167.2,172.16 5 4
source/scripts/project/app.js:176.2,180.16 3 4
source/scripts/project/app.js:185.2,187.22 2 4
source/scripts/project/app.js:196.2,205.45 5 4
source/scripts/project/app.js:146.24,149.3 2 0
source/scripts/project/app.js:151.33,158.3 4 0
source/scripts/project/app.js:158.3,158.33 1 5
source/scripts/project/app.js:158.33,165.3 4 1
source/scripts/project/app.js:172.16,174.3 1 0
source/scripts/project/app.js:180.16,183.3 2 0
source/scripts/project/app.js:187.22,189.13 2 0
source/scripts/project/app.js:189.13,191.4 1 0
source/scripts/project/app.js:191.4,193.4 1 0
source/scripts/project/app.js:205.45,208.3 2 1
source/scripts/project/app.js:211.57,214.2 2 0
source/scripts/project/app.js:216.82,217.49 1 6
source/scripts/project/app.js:217.49,219.17 2 5
source/scripts/project/app.js:222.3,222.23 1 5
source/scripts/project/app.js:226.3,232.17 6 5
source/scripts/project/app.js:235.3,237.45 2 5
source/scripts/project/app.js:219.17,221.4 1 0
source/scripts/project/app.js:222.23,224.4 1 0
source/scripts/project/app.js:232.17,234.4 1 0
source/scripts/project/app.js:239.3,241.17 2 1
source/scripts/project/app.js:245.3,248.17 4 1
source/scripts/project/app.js:252.3,258.45 5 1
source/scripts/project/app.js:241.17,243.4 1 0
source/scripts/project/app.js:248.17,250.4 1 0
source/scripts/project/controllers/account.js:44.19,49.12 3 0
source/scripts/project/controllers/account.js:49.12,53.39 3 0
source/scripts/project/controllers/account.js:57.3,57.77 1 0
source/scripts/project/controllers/account.js:53.39,55.4 1 0
source/scripts/project/controllers/account.js:57.77,59.4 1 0
source/scripts/project/controllers/account.js:60.3,61.56 1 0
source/scripts/project/controllers/account.js:61.56,63.4 1 0
source/scripts/project/controllers/account.js:67.29,70.8 3 2
source/scripts/project/controllers/account.js:70.8,72.3 1 1
source/scripts/project/controllers/account.js:72.3,77.3 2 1
source/scripts/project/controllers/account.js:80.13,86.16 6 1
source/scripts/project/controllers/account.js:91.2,92.16 2 1
source/scripts/project/controllers/account.js:97.2,101.21 4 1
source/scripts/project/controllers/account.js:105.2,106.25 2 1
source/scripts/project/controllers/account.js:113.2,114.24 2 1
source/scripts/project/controllers/account.js:122.2,132.21 9 1
source/scripts/project/controllers/account.js:86.16,89.3 2 1
source/scripts/project/controllers/account.js:92.16,95.3 2 1
source/scripts/project/controllers/account.js:101.21,103.3 1 1
source/scripts/project/controllers/account.js:106.25,108.3 1 1
source/scripts/project/controllers/account.js:108.3,111.3 2 0
source/scripts/project/controllers/account.js:114.24,116.3 1 1
source/scripts/project/controllers/account.js:116.3,118.17 2 0
source/scripts/project/controllers/account.js:118.17,120.4 1 0
source/scripts/project/controllers/account.js:135.13,139.16 3 0
source/scripts/project/controllers/account.js:143.2,148.60 4 0
source/scripts/project/controllers/account.js:152.2,153.70 1 0
source/scripts/project/controllers/account.js:164.2,164.15 1 0
source/scripts/project/controllers/account.js:174.2,182.20 6 0
source/scripts/project/controllers/account.js:139.16,141.3 1 0
source/scripts/project/controllers/account.js:148.60,150.3 1 0
source/scripts/project/controllers/account.js:153.70,157.18 3 0
source/scripts/project/controllers/account.js:161.4,161.27 1 0
source/scripts/project/controllers/account.js:157.18,159.5 1 0
source/scripts/project/controllers/account.js:164.15,166.17 2 0
source/scripts/project/controllers/account.js:166.17,169.4 2 0
source/scripts/project/controllers/account.js:169.4,171.4 1 0
